[kits1.themescamp.com/archo/index.html]
[backblue.gif]
[fade.gif]
[index.html]
[kits1.themescamp.com/archo/wp-content/plugins/header-footer-elementor/inc/widgets-css/frontend4f2e.css]
[kits1.themescamp.com/archo/wp-content/plugins/template-kit-export/public/assets/css/template-kit-export-public.min365c.css]
[kits1.themescamp.com/archo/wp-content/plugins/header-footer-elementor/assets/css/header-footer-elementor4f2e.css]
[kits1.themescamp.com/archo/wp-content/plugins/elementor/assets/css/frontend-lite.min4d52.css]
[kits1.themescamp.com/archo/comments/feed/index.html]
[kits1.themescamp.com/archo/wp-content/plugins/elementor/assets/lib/swiper/v8/css/swiper.min94a4.css]
[kits1.themescamp.com/archo/feed/index.html]
[kits1.themescamp.com/archo/wp-content/uploads/sites/2/elementor/css/post-317bf.css]
[kits1.themescamp.com/archo/wp-content/plugins/better-elementor-addons/assets/css/pe-icon-7-stroke38be.css]
[kits1.themescamp.com/archo/wp-content/plugins/better-elementor-addons/assets/css/fontawesome.min38be.css]
[kits1.themescamp.com/archo/wp-content/plugins/better-elementor-addons/assets/css/bootstrap.min38be.css]
[kits1.themescamp.com/archo/wp-content/plugins/better-elementor-addons/assets/css/twentytwenty38be.css]
[kits1.themescamp.com/archo/wp-content/plugins/better-elementor-addons/assets/css/animate38be.css]
[kits1.themescamp.com/archo/wp-content/plugins/better-elementor-addons/assets/css/youtubepopup38be.css]
[kits1.themescamp.com/archo/wp-content/plugins/better-elementor-addons/assets/css/nice-select38be.css]
[kits1.themescamp.com/archo/wp-content/plugins/better-elementor-addons/assets/css/justifiedgallery.min38be.css]
[kits1.themescamp.com/archo/wp-content/plugins/better-elementor-addons/assets/css/slick-theme38be.css]
[kits1.themescamp.com/archo/wp-content/plugins/better-elementor-addons/assets/style38be.css]
[kits1.themescamp.com/archo/wp-content/plugins/elementor/assets/lib/font-awesome/css/all.min4d52.css]
[kits1.themescamp.com/archo/wp-content/plugins/elementor/assets/lib/font-awesome/css/v4-shims.min4d52.css]
[kits1.themescamp.com/archo/wp-content/uploads/sites/2/elementor/css/post-3130dd7d.css]
[kits1.themescamp.com/archo/wp-content/uploads/sites/2/elementor/css/post-51917bf.css]
[kits1.themescamp.com/archo/wp-content/themes/hello-elementor/style.min254d.css]
[kits1.themescamp.com/archo/wp-content/themes/hello-elementor/theme.min254d.css]
[kits1.themescamp.com/archo/wp-includes/js/jquery/jquery.minf43b.js]
[kits1.themescamp.com/archo/wp-includes/js/jquery/jquery-migrate.min5589.js]
[kits1.themescamp.com/archo/wp-content/plugins/template-kit-export/public/assets/js/template-kit-export-public.min365c.js]
[kits1.themescamp.com/archo/wp-content/plugins/elementor/assets/lib/font-awesome/js/v4-shims.min4d52.js]
[kits1.themescamp.com/archo/wp-json/index.html]
[kits1.themescamp.com/archo/wp-json/wp/v2/pages/3130.json]
[kits1.themescamp.com/archo/wp-json/oembed/1.0/embedbfae.json]
[kits1.themescamp.com/archo/wp-json/oembed/1.0/embed1b2c]
[kits1.themescamp.com/archo/wp-content/uploads/sites/2/2022/03/fav.png]
[kits1.themescamp.com/archo/wp-content/uploads/sites/2/2020/06/logo-light-1.png]
[kits1.themescamp.com/archo/wp-content/uploads/sites/2/2022/07/Top-badg-3.png]
[kits1.themescamp.com/archo/home-01/index.html]
[kits1.themescamp.com/archo/home-02/index.html]
[kits1.themescamp.com/archo/wp-content/uploads/sites/2/2022/07/h33.jpg]
[kits1.themescamp.com/archo/template-kit/archo-showcase-parallax-block/index.html]
[kits1.themescamp.com/archo/home-4/index.html]
[kits1.themescamp.com/archo/home-3/index.html]
[kits1.themescamp.com/archo/wp-content/uploads/sites/2/2023/05/h22-.jpg]
[kits1.themescamp.com/archo/about/index.html]
[kits1.themescamp.com/archo/wp-content/uploads/sites/2/2023/05/ps1.jpg]
[kits1.themescamp.com/archo/services/index.html]
[kits1.themescamp.com/archo/wp-content/uploads/sites/2/2022/07/h22.jpg]
[kits1.themescamp.com/archo/wp-content/uploads/sites/2/2022/07/port11.jpg]
[kits1.themescamp.com/archo/faq/index.html]
[kits1.themescamp.com/archo/wp-content/uploads/sites/2/2022/07/port22.jpg]
[kits1.themescamp.com/archo/team/index.html]
[kits1.themescamp.com/archo/wp-content/uploads/sites/2/2022/07/about11.jpg]
[kits1.themescamp.com/archo/wp-content/uploads/sites/2/2022/07/serv11.jpg]
[kits1.themescamp.com/archo/coming-soon/index.html]
[kits1.themescamp.com/archo/wp-content/uploads/sites/2/2022/11/minimal.jpg]
[kits1.themescamp.com/archo/pricing/index.html]
[kits1.themescamp.com/archo/wp-content/uploads/sites/2/2022/11/soon.jpg]
[kits1.themescamp.com/archo/wp-content/uploads/sites/2/2022/11/faq.jpg]
[kits1.themescamp.com/archo/wp-content/uploads/sites/2/2022/11/404.jpg]
[kits1.themescamp.com/archo/404-2/index.html]
[kits1.themescamp.com/archo/minimal/index.html]
[kits1.themescamp.com/archo/wp-content/uploads/sites/2/2022/11/blog.jpg]
[kits1.themescamp.com/archo/template-kit/archo-projects/index.html]
[kits1.themescamp.com/archo/template-kit/archo-project-detail/index.html]
[kits1.themescamp.com/archo/wp-content/uploads/sites/2/2022/11/post.jpg]
[kits1.themescamp.com/archo/wp-content/uploads/sites/2/2022/11/team.jpg]
[kits1.themescamp.com/archo/template-kit/archo-team-block/index.html]
[kits1.themescamp.com/archo/wp-content/uploads/sites/2/2022/11/pricing.jpg]
[kits1.themescamp.com/archo/wp-content/uploads/sites/2/2023/05/c1.jpg]
[kits1.themescamp.com/archo/wp-content/plugins/elementor/assets/css/widget-icon-list.min.css]
[kits1.themescamp.com/archo/wp-content/plugins/elementor/assets/lib/animations/animations.min4d52.css]
[kits1.themescamp.com/archo/wp-content/uploads/sites/2/elementor/css/post-22917bf.css]
[kits1.themescamp.com/archo/wp-content/plugins/header-footer-elementor/inc/js/frontend4f2e.js]
[kits1.themescamp.com/archo/wp-content/plugins/better-elementor-addons/assets/js/button-adv75e4.js]
[kits1.themescamp.com/archo/wp-content/plugins/elementor/assets/js/webpack.runtime.min4d52.js]
[kits1.themescamp.com/archo/wp-content/plugins/elementor/assets/js/frontend-modules.min4d52.js]
[kits1.themescamp.com/archo/wp-content/plugins/elementor/assets/lib/waypoints/waypoints.min05da.js]
[kits1.themescamp.com/archo/wp-includes/js/jquery/ui/core.min3f14.js]
[kits1.themescamp.com/archo/index.html]
[kits1.themescamp.com/archo/wp-content/plugins/header-footer-elementor/inc/widgets-css/frontend4f2e.css]
[kits1.themescamp.com/archo/wp-content/plugins/elementor/assets/js/frontend.min4d52.js]
[kits1.themescamp.com/archo/wp-content/plugins/template-kit-export/public/assets/css/template-kit-export-public.min365c.css]
[kits1.themescamp.com/archo/wp-content/plugins/header-footer-elementor/assets/css/header-footer-elementor4f2e.css]
[kits1.themescamp.com/archo/wp-content/plugins/elementor/assets/css/frontend-lite.min4d52.css]
[kits1.themescamp.com/archo/wp-content/plugins/elementor/assets/lib/swiper/v8/css/swiper.min94a4.css]
[kits1.themescamp.com/archo/wp-content/uploads/sites/2/elementor/css/post-317bf.css]
[kits1.themescamp.com/archo/2020/07/02/what-its-like-to-be-an-interior-designer/index.html]
[kits1.themescamp.com/archo/contact-us/index.html]
[kits1.themescamp.com/archo/wp-content/plugins/better-elementor-addons/assets/webfonts/Pe-icon-7-strokebb1d.eot]
[kits1.themescamp.com/archo/wp-content/plugins/better-elementor-addons/assets/webfonts/Pe-icon-7-stroked41d.eot]
[kits1.themescamp.com/archo/wp-content/plugins/better-elementor-addons/assets/webfonts/Pe-icon-7-strokebb1d.woff]
[kits1.themescamp.com/archo/wp-content/plugins/better-elementor-addons/assets/webfonts/Pe-icon-7-strokebb1d.ttf]
[kits1.themescamp.com/archo/wp-content/plugins/better-elementor-addons/assets/css/pe-icon-7-stroke38be.css]
[kits1.themescamp.com/archo/wp-content/plugins/better-elementor-addons/assets/webfonts/Pe-icon-7-strokebb1d.svg]
[kits1.themescamp.com/archo/wp-content/plugins/better-elementor-addons/assets/webfonts/fa-brands-400.eot]
[kits1.themescamp.com/archo/wp-content/plugins/better-elementor-addons/assets/webfonts/fa-brands-400d41d.eot]
[kits1.themescamp.com/archo/wp-content/plugins/better-elementor-addons/assets/webfonts/fa-brands-400.woff2]
[kits1.themescamp.com/archo/wp-content/plugins/better-elementor-addons/assets/webfonts/fa-brands-400.woff]
[kits1.themescamp.com/archo/wp-content/plugins/better-elementor-addons/assets/webfonts/fa-brands-400.ttf]
[kits1.themescamp.com/archo/wp-content/plugins/better-elementor-addons/assets/webfonts/fa-brands-400.svg]
[kits1.themescamp.com/archo/wp-content/plugins/better-elementor-addons/assets/webfonts/fa-regular-400.eot]
[kits1.themescamp.com/archo/wp-content/plugins/better-elementor-addons/assets/webfonts/fa-regular-400d41d.eot]
[kits1.themescamp.com/archo/wp-content/plugins/better-elementor-addons/assets/webfonts/fa-regular-400.woff2]
[kits1.themescamp.com/archo/wp-content/plugins/better-elementor-addons/assets/webfonts/fa-regular-400.woff]
[kits1.themescamp.com/archo/wp-content/plugins/better-elementor-addons/assets/webfonts/fa-regular-400.ttf]
[kits1.themescamp.com/archo/wp-content/plugins/better-elementor-addons/assets/webfonts/fa-regular-400.svg]
[kits1.themescamp.com/archo/wp-content/plugins/better-elementor-addons/assets/webfonts/fa-solid-900.eot]
[kits1.themescamp.com/archo/wp-content/plugins/better-elementor-addons/assets/webfonts/fa-solid-900d41d.eot]
[kits1.themescamp.com/archo/wp-content/plugins/better-elementor-addons/assets/webfonts/fa-solid-900.woff2]
[kits1.themescamp.com/archo/wp-content/plugins/better-elementor-addons/assets/webfonts/fa-solid-900.woff]
[kits1.themescamp.com/archo/wp-content/plugins/better-elementor-addons/assets/webfonts/fa-solid-900.ttf]
[kits1.themescamp.com/archo/wp-content/plugins/better-elementor-addons/assets/css/fontawesome.min38be.css]
[kits1.themescamp.com/archo/wp-content/plugins/better-elementor-addons/assets/css/bootstrap.min38be.css]
[kits1.themescamp.com/archo/wp-content/plugins/better-elementor-addons/assets/css/twentytwenty38be.css]
[kits1.themescamp.com/archo/wp-content/plugins/better-elementor-addons/assets/css/animate38be.css]
[kits1.themescamp.com/archo/wp-content/plugins/better-elementor-addons/assets/webfonts/fa-solid-900.svg]
[kits1.themescamp.com/archo/wp-content/plugins/better-elementor-addons/assets/css/youtubepopup38be.css]
[kits1.themescamp.com/archo/wp-content/plugins/better-elementor-addons/assets/css/nice-select38be.css]
[kits1.themescamp.com/archo/wp-content/plugins/better-elementor-addons/assets/css/justifiedgallery.min38be.css]
[kits1.themescamp.com/archo/wp-content/plugins/better-elementor-addons/assets/css/slick-theme38be.css]
[kits1.themescamp.com/archo/wp-content/plugins/better-elementor-addons/assets/img/line-pattern1.png]
[kits1.themescamp.com/archo/wp-content/plugins/better-elementor-addons/assets/img/patern.png]
[kits1.themescamp.com/archo/wp-content/plugins/better-elementor-addons/assets/img/pattern-bg.svg]
[kits1.themescamp.com/archo/wp-content/plugins/better-elementor-addons/assets/img/line-pattern-color.png]
[kits1.themescamp.com/archo/wp-content/plugins/better-elementor-addons/assets/style38be.css]
[kits1.themescamp.com/archo/wp-content/plugins/elementor/assets/lib/font-awesome/webfonts/fa-brands-400.eot]
[kits1.themescamp.com/archo/wp-content/plugins/elementor/assets/lib/font-awesome/webfonts/fa-brands-400d41d.eot]
[kits1.themescamp.com/archo/wp-content/plugins/elementor/assets/lib/font-awesome/webfonts/fa-brands-400.woff2]
[kits1.themescamp.com/archo/wp-content/plugins/elementor/assets/lib/font-awesome/webfonts/fa-brands-400.woff]
[kits1.themescamp.com/archo/wp-content/plugins/elementor/assets/lib/font-awesome/webfonts/fa-brands-400.ttf]
[kits1.themescamp.com/archo/wp-content/plugins/elementor/assets/lib/font-awesome/webfonts/fa-brands-400.svg]
[kits1.themescamp.com/archo/wp-content/plugins/elementor/assets/lib/font-awesome/webfonts/fa-regular-400.eot]
[kits1.themescamp.com/archo/wp-content/plugins/elementor/assets/lib/font-awesome/webfonts/fa-regular-400d41d.eot]
[kits1.themescamp.com/archo/wp-content/plugins/elementor/assets/lib/font-awesome/webfonts/fa-regular-400.woff2]
[kits1.themescamp.com/archo/wp-content/plugins/elementor/assets/lib/font-awesome/webfonts/fa-regular-400.woff]
[kits1.themescamp.com/archo/wp-content/plugins/elementor/assets/lib/font-awesome/webfonts/fa-regular-400.ttf]
[kits1.themescamp.com/archo/wp-content/plugins/elementor/assets/lib/font-awesome/webfonts/fa-regular-400.svg]
[kits1.themescamp.com/archo/wp-content/plugins/elementor/assets/lib/font-awesome/webfonts/fa-solid-900.eot]
[kits1.themescamp.com/archo/wp-content/plugins/elementor/assets/lib/font-awesome/webfonts/fa-solid-900.woff2]
[kits1.themescamp.com/archo/wp-content/plugins/elementor/assets/lib/font-awesome/webfonts/fa-solid-900d41d.eot]
[kits1.themescamp.com/archo/wp-content/plugins/elementor/assets/lib/font-awesome/webfonts/fa-solid-900.woff]
[kits1.themescamp.com/archo/wp-content/plugins/elementor/assets/lib/font-awesome/webfonts/fa-solid-900.ttf]
[kits1.themescamp.com/archo/wp-content/plugins/elementor/assets/lib/font-awesome/css/all.min4d52.css]
[kits1.themescamp.com/archo/wp-content/plugins/elementor/assets/lib/font-awesome/css/v4-shims.min4d52.css]
[kits1.themescamp.com/archo/wp-content/plugins/elementor/assets/lib/font-awesome/webfonts/fa-solid-900.svg]
[kits1.themescamp.com/archo/wp-content/uploads/sites/2/2022/07/demos.jpg]
[kits1.themescamp.com/archo/wp-content/uploads/sites/2/2023/05/103.jpg]
[kits1.themescamp.com/archo/wp-content/uploads/sites/2/2024/06/6.jpg]
[kits1.themescamp.com/archo/wp-content/uploads/sites/2/2021/09/02.jpg]
[kits1.themescamp.com/archo/wp-content/uploads/sites/2/elementor/css/post-3130dd7d.css]
[kits1.themescamp.com/archo/wp-content/uploads/sites/2/elementor/css/post-51917bf.css]
[kits1.themescamp.com/archo/wp-content/themes/hello-elementor/style.min254d.css]
[kits1.themescamp.com/archo/wp-content/themes/hello-elementor/theme.min254d.css]
[www.googletagmanager.com/gtm5445.html]
[kits1.themescamp.com/archo/wp-json/wp/v2/pages/103.json]
[kits1.themescamp.com/archo/wp-json/oembed/1.0/embed2987.json]
[kits1.themescamp.com/archo/wp-json/oembed/1.0/embedbda9]
[kits1.themescamp.com/archo/wp-content/uploads/sites/2/2020/06/S5-2.jpg]
[kits1.themescamp.com/archo/wp-content/uploads/sites/2/2024/06/S7-2-1.jpg]
[kits1.themescamp.com/archo/wp-content/uploads/sites/2/2020/06/port5-1.jpg]
[kits1.themescamp.com/archo/wp-content/uploads/sites/2/2020/06/port1-3.jpg]
[kits1.themescamp.com/archo/wp-content/uploads/sites/2/2020/11/port2-2.jpg]
[kits1.themescamp.com/archo/wp-content/uploads/sites/2/2020/06/port6-2-1.jpg]
[kits1.themescamp.com/archo/wp-content/uploads/sites/2/2020/06/P2.jpg]
[kits1.themescamp.com/archo/wp-content/uploads/sites/2/2020/06/P3.jpg]
[kits1.themescamp.com/archo/wp-content/uploads/sites/2/2020/06/P1.jpg]
[kits1.themescamp.com/archo/wp-content/uploads/sites/2/2020/06/P4.jpg]
[kits1.themescamp.com/archo/wp-content/uploads/sites/2/2020/06/before-2.jpg]
[kits1.themescamp.com/archo/wp-content/uploads/sites/2/2020/06/after-1.jpg]
[kits1.themescamp.com/archo/wp-content/plugins/elementor/assets/css/widget-icon-box.min.css]
[kits1.themescamp.com/archo/wp-content/uploads/sites/2/elementor/css/post-1114f44e.css]
[kits1.themescamp.com/archo/wp-content/plugins/better-elementor-addons/assets/js/scripts8a54.js]
[kits1.themescamp.com/archo/wp-content/plugins/better-elementor-addons/assets/js/imagesloaded.pkgd.mineda1.js]
[kits1.themescamp.com/archo/wp-content/plugins/better-elementor-addons/assets/js/isotope3601.js]
[kits1.themescamp.com/archo/wp-content/plugins/better-elementor-addons/assets/js/portfolio8a54.js]
[kits1.themescamp.com/archo/wp-content/plugins/better-elementor-addons/assets/js/swiper.minf08a.js]
[kits1.themescamp.com/archo/wp-content/plugins/better-elementor-addons/assets/js/wow6f3e.js]
[kits1.themescamp.com/archo/wp-content/plugins/better-elementor-addons/assets/js/youtubepopup8a54.js]
[kits1.themescamp.com/archo/wp-content/plugins/better-elementor-addons/assets/js/bootstrap.mina94e.js]
[kits1.themescamp.com/archo/wp-content/plugins/better-elementor-addons/assets/js/splitting.min8a54.js]
[kits1.themescamp.com/archo/wp-content/plugins/better-elementor-addons/assets/js/parallaxie8a54.js]
[kits1.themescamp.com/archo/wp-content/plugins/better-elementor-addons/assets/js/simpleParallax9a8d.js]
[kits1.themescamp.com/archo/wp-content/plugins/better-elementor-addons/assets/js/justifiedGallerycce7.js]
[kits1.themescamp.com/archo/wp-content/plugins/better-elementor-addons/assets/js/jquery.twentytwenty8a54.js]
[kits1.themescamp.com/archo/wp-content/plugins/better-elementor-addons/assets/js/slick.minaff7.js]
[kits1.themescamp.com/archo/wp-content/plugins/better-elementor-addons/assets/js/testimonial8a54.js]
[kits1.themescamp.com/archo/wp-content/plugins/better-elementor-addons/assets/js/plugins8a54.js]
[kits1.themescamp.com/archo/wp-content/plugins/better-elementor-addons/assets/js/jquery.event.move8a54.js]
[kits1.themescamp.com/archo/wp-content/plugins/better-elementor-addons/assets/js/imageLoaded8a54.js]
[kits1.themescamp.com/archo/home-01/index.html]
[kits1.themescamp.com/archo/wp-content/plugins/elementor/assets/lib/jquery-numerator/jquery-numerator.min3958.js]
[kits1.themescamp.com/archo/wp-content/uploads/sites/2/elementor/css/post-9216292.css]
[kits1.themescamp.com/archo/wp-json/wp/v2/pages/921.json]
[kits1.themescamp.com/archo/wp-json/oembed/1.0/embedad5a.json]
[kits1.themescamp.com/archo/wp-content/uploads/sites/2/2020/06/P6.jpg]
[kits1.themescamp.com/archo/wp-content/uploads/sites/2/2020/06/P7.jpg]
[kits1.themescamp.com/archo/wp-content/uploads/sites/2/2020/06/port2-3.jpg]
[kits1.themescamp.com/archo/wp-content/uploads/sites/2/2020/06/port6-3.jpg]
[kits1.themescamp.com/archo/wp-content/uploads/sites/2/elementor/css/post-831c181.css]
[kits1.themescamp.com/archo/category/furniture/index.html]
[kits1.themescamp.com/archo/wp-content/plugins/better-elementor-addons/assets/js/scrollit8a54.js]
[kits1.themescamp.com/archo/home-02/index.html]
[kits1.themescamp.com/archo/wp-content/plugins/better-elementor-addons/assets/js/counterup8a54.js]
[kits1.themescamp.com/archo/category/interior/index.html]
[kits1.themescamp.com/archo/author/admin/index.html]
[kits1.themescamp.com/archo/2020/07/02/five-things-you-should-know-about-modern-furniture/index.html]
[kits1.themescamp.com/archo/wp-content/uploads/sites/2/elementor/css/post-1066a2f5.css]
[kits1.themescamp.com/archo/category/architecture/index.html]
[kits1.themescamp.com/archo/wp-json/wp/v2/pages/1066.json]
[kits1.themescamp.com/archo/2020/07/02/in-good-taste-mark-finlay-architects-and-interiors/index.html]
[kits1.themescamp.com/archo/wp-json/oembed/1.0/embed4b40.json]
[kits1.themescamp.com/archo/wp-json/oembed/1.0/embedf66d]
[kits1.themescamp.com/archo/wp-content/uploads/sites/2/2020/11/a1.jpg]
[kits1.themescamp.com/archo/wp-content/uploads/sites/2/2020/11/a2.jpg]
[kits1.themescamp.com/archo/wp-content/uploads/sites/2/elementor/css/post-97617d0.css]
[kits1.themescamp.com/archo/home-3/index.html]
[kits1.themescamp.com/archo/wp-content/plugins/better-elementor-addons/assets/js/slider8a54.js]
[kits1.themescamp.com/archo/wp-content/uploads/sites/2/elementor/css/post-28184b1e.css]
[kits1.themescamp.com/archo/wp-json/wp/v2/pages/2818.json]
[kits1.themescamp.com/archo/wp-json/oembed/1.0/embed78ea.json]
[kits1.themescamp.com/archo/wp-content/uploads/sites/2/2021/09/2-3-1024x728.jpg]
[kits1.themescamp.com/archo/wp-content/uploads/sites/2/2021/09/2-2-1.jpg]
[kits1.themescamp.com/archo/wp-content/uploads/sites/2/2021/09/pp04.jpg]
[kits1.themescamp.com/archo/wp-content/uploads/sites/2/2021/09/23.jpg]
[kits1.themescamp.com/archo/wp-content/uploads/sites/2/2022/01/S7-2.jpg]
[kits1.themescamp.com/archo/wp-content/uploads/sites/2/2020/11/S5-1.jpg]
[kits1.themescamp.com/archo/wp-content/uploads/sites/2/2021/09/4-3.jpg]
[kits1.themescamp.com/archo/wp-content/uploads/sites/2/2021/09/2-4-1.jpg]
[kits1.themescamp.com/archo/wp-content/uploads/sites/2/2021/09/1-4.jpg]
[kits1.themescamp.com/archo/wp-content/uploads/sites/2/2021/09/5-2.jpg]
[kits1.themescamp.com/archo/wp-content/plugins/better-elementor-addons/assets/img/quote.svg]
[kits1.themescamp.com/archo/wp-content/uploads/sites/2/2021/09/2-4.jpg]
[kits1.themescamp.com/archo/wp-content/uploads/sites/2/elementor/css/post-2844220f.css]
[kits1.themescamp.com/archo/wp-content/uploads/sites/2/elementor/css/post-1228220f.css]
[kits1.themescamp.com/archo/wp-content/plugins/better-elementor-addons/assets/js/grouploop.min4bf4.js]
[kits1.themescamp.com/archo/home-4/index.html]
[kits1.themescamp.com/archo/wp-content/plugins/better-elementor-addons/assets/js/heading-loop8a54.js]
[kits1.themescamp.com/archo/wp-content/uploads/sites/2/elementor/css/post-3401f557.css]
[kits1.themescamp.com/archo/2020/07/02/index.html]
[kits1.themescamp.com/archo/wp-json/oembed/1.0/embedf3e9.json]
[kits1.themescamp.com/archo/wp-json/oembed/1.0/embed4455]
[kits1.themescamp.com/archo/template-kit/archo-showcase-parallax-block/index.html]
[kits1.themescamp.com/archo/wp-content/plugins/better-elementor-addons/assets/js/slider-parallax8a54.js]
[kits1.themescamp.com/archo/wp-content/uploads/sites/2/elementor/css/post-337c80a.css]
[kits1.themescamp.com/archo/wp-json/wp/v2/pages/337.json]
[kits1.themescamp.com/archo/wp-json/oembed/1.0/embed001a.json]
[kits1.themescamp.com/archo/wp-json/oembed/1.0/embedd65d]
[kits1.themescamp.com/archo/about/index.html]
[kits1.themescamp.com/archo/wp-content/uploads/sites/2/elementor/css/post-3278ff5.css]
[kits1.themescamp.com/archo/wp-content/uploads/sites/2/elementor/css/post-577517e.css]
[kits1.themescamp.com/archo/wp-json/wp/v2/pages/577.json]
[kits1.themescamp.com/archo/wp-json/oembed/1.0/embedf03d.json]
[kits1.themescamp.com/archo/wp-json/oembed/1.0/embed6e5f]
[kits1.themescamp.com/archo/services/index.html]
[kits1.themescamp.com/archo/wp-content/uploads/sites/2/elementor/css/post-5753e31.css]
[kits1.themescamp.com/archo/wp-content/uploads/sites/2/elementor/css/post-5687652.css]
[kits1.themescamp.com/archo/wp-json/wp/v2/pages/568.json]
[kits1.themescamp.com/archo/wp-json/oembed/1.0/embedaee9.json]
[kits1.themescamp.com/archo/wp-json/oembed/1.0/embedac40]
[kits1.themescamp.com/archo/team/index.html]
[kits1.themescamp.com/archo/wp-content/uploads/sites/2/elementor/css/post-534b743.css]
[kits1.themescamp.com/archo/wp-content/uploads/sites/2/elementor/css/post-5576a95.css]
[kits1.themescamp.com/archo/wp-json/wp/v2/pages/557.json]
[kits1.themescamp.com/archo/wp-json/oembed/1.0/embedf340.json]
[kits1.themescamp.com/archo/wp-json/oembed/1.0/embed8c0a]
[kits1.themescamp.com/archo/faq/index.html]
[kits1.themescamp.com/archo/wp-content/uploads/sites/2/elementor/css/post-550767d.css]
[kits1.themescamp.com/archo/wp-content/uploads/sites/2/elementor/css/post-586eac2.css]
[kits1.themescamp.com/archo/wp-json/wp/v2/pages/586.json]
[kits1.themescamp.com/archo/wp-json/oembed/1.0/embed4e69.json]
[kits1.themescamp.com/archo/wp-json/oembed/1.0/embed7d39]
[kits1.themescamp.com/archo/wp-content/uploads/sites/2/elementor/css/post-54165e7.css]
[kits1.themescamp.com/archo/coming-soon/index.html]
[kits1.themescamp.com/archo/wp-content/plugins/better-elementor-addons/assets/js/jquery.countdown.min3601.js]
[kits1.themescamp.com/archo/wp-content/uploads/sites/2/elementor/css/post-618ad9b.css]
[kits1.themescamp.com/archo/wp-json/wp/v2/pages/618.json]
[kits1.themescamp.com/archo/wp-json/oembed/1.0/embed4c71.json]
[kits1.themescamp.com/archo/wp-json/oembed/1.0/embed0b97]
[kits1.themescamp.com/archo/pricing/index.html]
[kits1.themescamp.com/archo/wp-content/uploads/sites/2/elementor/css/post-615c47f.css]
[kits1.themescamp.com/archo/wp-content/uploads/sites/2/elementor/css/post-590ac82.css]
[kits1.themescamp.com/archo/wp-json/wp/v2/pages/590.json]
[kits1.themescamp.com/archo/wp-json/oembed/1.0/embede669.json]
[kits1.themescamp.com/archo/wp-json/oembed/1.0/embed9a7e]
[kits1.themescamp.com/archo/404-2/index.html]
[kits1.themescamp.com/archo/wp-content/uploads/sites/2/elementor/css/post-5454a51.css]
[kits1.themescamp.com/archo/wp-content/uploads/sites/2/elementor/css/post-630a645.css]
[kits1.themescamp.com/archo/wp-json/wp/v2/pages/630.json]
[kits1.themescamp.com/archo/wp-json/oembed/1.0/embeda529.json]
[kits1.themescamp.com/archo/wp-json/oembed/1.0/embed45f3]
[kits1.themescamp.com/archo/minimal/index.html]
[kits1.themescamp.com/archo/wp-content/uploads/sites/2/elementor/css/post-6283081.css]
[kits1.themescamp.com/archo/wp-content/uploads/sites/2/elementor/css/post-304284a8.css]
[kits1.themescamp.com/archo/wp-json/oembed/1.0/embed32b9.json]
[kits1.themescamp.com/archo/template-kit/archo-projects/index.html]
[kits1.themescamp.com/archo/wp-json/oembed/1.0/embede72c]
[kits1.themescamp.com/archo/wp-content/uploads/sites/2/elementor/css/post-297361dc.css]
[kits1.themescamp.com/archo/wp-json/oembed/1.0/embed2fdc.json]
[kits1.themescamp.com/archo/wp-json/oembed/1.0/embed7e0a]
[kits1.themescamp.com/archo/wp-content/uploads/sites/2/2021/09/23-150x150.jpg]
[kits1.themescamp.com/archo/wp-content/uploads/sites/2/2021/09/pp1.jpg]
[kits1.themescamp.com/archo/wp-content/uploads/sites/2/2021/09/pp1-150x150.jpg]
[kits1.themescamp.com/archo/wp-content/uploads/sites/2/2021/09/3-3.jpg]
[kits1.themescamp.com/archo/wp-content/uploads/sites/2/2021/09/3-3-150x150.jpg]
[kits1.themescamp.com/archo/wp-content/uploads/sites/2/2021/09/2-3.jpg]
[kits1.themescamp.com/archo/wp-content/uploads/sites/2/2021/09/2-3-150x150.jpg]
[kits1.themescamp.com/archo/wp-content/uploads/sites/2/2021/09/pp03.jpg]
[kits1.themescamp.com/archo/wp-content/uploads/sites/2/2021/09/pp03-150x150.jpg]
[kits1.themescamp.com/archo/wp-content/uploads/sites/2/2024/06/port4.jpg]
[kits1.themescamp.com/archo/template-kit/archo-project-detail/index.html]
[kits1.themescamp.com/archo/index4641.html]
[kits1.themescamp.com/archo/index1d6a.html]
[kits1.themescamp.com/archo/index9269.html]
[kits1.themescamp.com/archo/wp-content/uploads/sites/2/elementor/css/post-62225ad.css]
[kits1.themescamp.com/archo/template-kit/archo-header-block/index.html]
[kits1.themescamp.com/archo/template-kit/archo-about-block/index.html]
[kits1.themescamp.com/archo/template-kit/archo-portfolio-block/index.html]
[kits1.themescamp.com/archo/wp-json/oembed/1.0/embed0a57.json]
[kits1.themescamp.com/archo/template-kit/archo-team-block/index.html]
[kits1.themescamp.com/archo/index1d6c.html]
[kits1.themescamp.com/archo/indexd88a.html]
[kits1.themescamp.com/archo/index6683.html]
[kits1.themescamp.com/archo/wp-json/oembed/1.0/embedefed]
[kits1.themescamp.com/archo/index5361.html]
[kits1.themescamp.com/archo/template-kit/archo-testimonial-block-1/index.html]
[kits1.themescamp.com/archo/indexf8ef.html]
[kits1.themescamp.com/archo/template-kit/archo-testimonial-block/index.html]
[kits1.themescamp.com/archo/indexb064.html]
[kits1.themescamp.com/archo/template-kit/archo-stats-block/index.html]
[kits1.themescamp.com/archo/template-kit/archo-pricing-block/index.html]
[kits1.themescamp.com/archo/index83fb.html]
[kits1.themescamp.com/archo/template-kit/archo-footer-block/index.html]
[kits1.themescamp.com/archo/wp-content/uploads/sites/2/elementor/css/post-837eb5d.css]
[kits1.themescamp.com/archo/template-kit/archo-contact-block/index.html]
[kits1.themescamp.com/archo/2020/07/02/what-its-like-to-be-an-interior-designer/feed/index.html]
[kits1.themescamp.com/archo/template-kit/archo-blog-list/index.html]
[kits1.themescamp.com/archo/wp-json/wp/v2/posts/837.json]
[kits1.themescamp.com/archo/wp-json/oembed/1.0/embed67ba.json]
[kits1.themescamp.com/archo/wp-json/oembed/1.0/embedf49f]
[kits1.themescamp.com/archo/wp-content/uploads/sites/2/2020/06/port2-3-1024x682.jpg]
[kits1.themescamp.com/archo/2020/07/02/what-its-like-to-be-an-interior-designer/index.html]
[kits1.themescamp.com/archo/wp-content/uploads/sites/2/elementor/css/post-3468046.css]
[kits1.themescamp.com/archo/wp-json/wp/v2/pages/346.json]
[kits1.themescamp.com/archo/wp-json/oembed/1.0/embed185f.json]
[kits1.themescamp.com/archo/wp-json/oembed/1.0/embedc63d]
[kits1.themescamp.com/archo/contact-us/index.html]
[kits1.themescamp.com/archo/wp-content/plugins/elementor/assets/css/widget-icon-list.min.css]
[kits1.themescamp.com/archo/wp-content/plugins/elementor/assets/lib/animations/animations.min4d52.css]
[kits1.themescamp.com/archo/wp-content/uploads/sites/2/elementor/css/post-22917bf.css]
[kits1.themescamp.com/archo/wp-content/plugins/better-elementor-addons/assets/webfonts/Pe-icon-7-strokebb1d.svg]
[kits1.themescamp.com/archo/wp-content/plugins/better-elementor-addons/assets/webfonts/fa-brands-400.svg]
[kits1.themescamp.com/archo/wp-content/plugins/better-elementor-addons/assets/webfonts/fa-regular-400.svg]
[kits1.themescamp.com/archo/wp-content/uploads/sites/2/2022/07/h44.jpg]
[kits1.themescamp.com/archo/wp-content/plugins/better-elementor-addons/assets/webfonts/fa-solid-900.svg]
[kits1.themescamp.com/archo/wp-content/plugins/better-elementor-addons/assets/img/pattern-bg.svg]
[kits1.themescamp.com/archo/wp-content/plugins/elementor/assets/lib/font-awesome/webfonts/fa-brands-400.svg]
[kits1.themescamp.com/archo/wp-content/plugins/elementor/assets/lib/font-awesome/webfonts/fa-regular-400.svg]
[kits1.themescamp.com/archo/wp-content/uploads/sites/2/elementor/css/post-3141e4d.css]
[kits1.themescamp.com/archo/wp-content/plugins/elementor/assets/lib/font-awesome/webfonts/fa-solid-900.svg]
[kits1.themescamp.com/archo/indexe6f0.html]
[kits1.themescamp.com/archo/wp-content/plugins/elementor/assets/css/widget-icon-box.min.css]
[kits1.themescamp.com/archo/wp-content/uploads/sites/2/2020/11/S7-2.jpg]
[kits1.themescamp.com/archo/wp-content/uploads/sites/2/elementor/css/post-1032024.css]
[kits1.themescamp.com/archo/wp-content/uploads/sites/2/2020/06/S1.jpg]
[kits1.themescamp.com/archo/wp-content/uploads/sites/2/2020/06/dots.png]
[kits1.themescamp.com/archo/wp-content/uploads/sites/2/2020/06/S6-1-1.jpg]
[kits1.themescamp.com/archo/wp-content/uploads/sites/2/2020/06/line-pattern1.png]
[kits1.themescamp.com/archo/wp-content/uploads/sites/2/elementor/css/post-1114f44e.css]
[kits1.themescamp.com/archo/wp-content/uploads/sites/2/elementor/css/post-9216292.css]
[kits1.themescamp.com/archo/index7270.html]
[kits1.themescamp.com/archo/category/furniture/index.html]
[kits1.themescamp.com/archo/wp-json/wp/v2/categories/3.json]
[kits1.themescamp.com/archo/wp-json/oembed/1.0/embedadd3]
[kits1.themescamp.com/archo/category/furniture/feed/index.html]
[kits1.themescamp.com/archo/author/admin/feed/index.html]
[kits1.themescamp.com/archo/wp-json/wp/v2/users/1.json]
[kits1.themescamp.com/archo/wp-content/uploads/sites/2/2020/06/port5-1-1024x682.jpg]
[kits1.themescamp.com/archo/wp-content/uploads/sites/2/2020/06/port6-3-1024x682.jpg]
[kits1.themescamp.com/archo/wp-content/uploads/sites/2/2020/06/port1-3-1024x683.jpg]
[kits1.themescamp.com/archo/author/admin/index.html]
[kits1.themescamp.com/archo/category/interior/index.html]
[kits1.themescamp.com/archo/wp-json/wp/v2/categories/4.json]
[kits1.themescamp.com/archo/2020/06/21/hello-world-2/index.html]
[kits1.themescamp.com/archo/wp-content/uploads/sites/2/elementor/css/post-835c5c8.css]
[kits1.themescamp.com/archo/category/interior/feed/index.html]
[kits1.themescamp.com/archo/wp-json/wp/v2/posts/835.json]
[kits1.themescamp.com/archo/2020/07/02/five-things-you-should-know-about-modern-furniture/feed/index.html]
[kits1.themescamp.com/archo/wp-json/oembed/1.0/embedc104.json]
[kits1.themescamp.com/archo/2020/07/02/five-things-you-should-know-about-modern-furniture/index.html]
[kits1.themescamp.com/archo/wp-json/oembed/1.0/embed5938]
[kits1.themescamp.com/archo/category/architecture/index.html]
[kits1.themescamp.com/archo/wp-json/wp/v2/categories/2.json]
[kits1.themescamp.com/archo/wp-content/uploads/sites/2/elementor/css/post-83317bf.css]
[kits1.themescamp.com/archo/category/architecture/feed/index.html]
[kits1.themescamp.com/archo/2020/07/02/in-good-taste-mark-finlay-architects-and-interiors/feed/index.html]
[kits1.themescamp.com/archo/wp-json/wp/v2/posts/833.json]
[kits1.themescamp.com/archo/wp-json/oembed/1.0/embed4839.json]
[kits1.themescamp.com/archo/2020/07/02/in-good-taste-mark-finlay-architects-and-interiors/index.html]
[kits1.themescamp.com/archo/wp-content/uploads/sites/2/elementor/css/post-831c181.css]
[kits1.themescamp.com/archo/wp-content/uploads/sites/2/elementor/css/post-1066a2f5.css]
[kits1.themescamp.com/archo/index559c.html]
[kits1.themescamp.com/archo/wp-json/oembed/1.0/embedad77]
[kits1.themescamp.com/archo/wp-content/uploads/sites/2/2020/11/001-1.jpg]
[kits1.themescamp.com/archo/wp-content/uploads/sites/2/elementor/css/post-97617d0.css]
[kits1.themescamp.com/archo/wp-content/uploads/sites/2/elementor/css/post-28184b1e.css]
[kits1.themescamp.com/archo/index0985.html]
[kits1.themescamp.com/archo/wp-content/plugins/better-elementor-addons/assets/img/quote.svg]
[kits1.themescamp.com/archo/2020/07/02/index.html]
[kits1.themescamp.com/archo/wp-content/uploads/sites/2/elementor/css/post-2844220f.css]
[kits1.themescamp.com/archo/wp-content/uploads/sites/2/2021/09/dots.png]
[kits1.themescamp.com/archo/wp-content/uploads/sites/2/elementor/css/post-1228220f.css]
[kits1.themescamp.com/archo/wp-content/uploads/sites/2/elementor/css/post-3401f557.css]
[kits1.themescamp.com/archo/index0999.html]
[kits1.themescamp.com/archo/wp-content/uploads/sites/2/elementor/css/post-337c80a.css]
[kits1.themescamp.com/archo/indexf6a9.html]
[kits1.themescamp.com/archo/wp-content/uploads/sites/2/2020/06/S5-1.jpg]
[kits1.themescamp.com/archo/wp-json/oembed/1.0/embedb483]
[kits1.themescamp.com/archo/wp-content/uploads/sites/2/2020/06/S1-1.jpg]
[kits1.themescamp.com/archo/wp-content/uploads/sites/2/elementor/css/post-3278ff5.css]
[kits1.themescamp.com/archo/wp-content/uploads/sites/2/elementor/css/post-577517e.css]
[kits1.themescamp.com/archo/indexe7fb.html]
[kits1.themescamp.com/archo/wp-content/uploads/sites/2/2020/06/S6-1.jpg]
[kits1.themescamp.com/archo/wp-content/uploads/sites/2/elementor/css/post-5753e31.css]
[kits1.themescamp.com/archo/wp-content/uploads/sites/2/elementor/css/post-5687652.css]
[kits1.themescamp.com/archo/index3a5c.html]
[kits1.themescamp.com/archo/wp-content/uploads/sites/2/2020/06/S7-2.jpg]
[kits1.themescamp.com/archo/wp-content/uploads/sites/2/elementor/css/post-534b743.css]
[kits1.themescamp.com/archo/wp-content/uploads/sites/2/elementor/css/post-5576a95.css]
[kits1.themescamp.com/archo/indexc9d1.html]
[kits1.themescamp.com/archo/wp-content/uploads/sites/2/elementor/css/post-550767d.css]
[kits1.themescamp.com/archo/wp-content/uploads/sites/2/elementor/css/post-586eac2.css]
[kits1.themescamp.com/archo/index0ced.html]
[kits1.themescamp.com/archo/wp-content/uploads/sites/2/elementor/css/post-54165e7.css]
[kits1.themescamp.com/archo/wp-content/uploads/sites/2/elementor/css/post-618ad9b.css]
[kits1.themescamp.com/archo/indexab36.html]
[kits1.themescamp.com/archo/wp-content/uploads/sites/2/elementor/css/post-615c47f.css]
[kits1.themescamp.com/archo/wp-content/uploads/sites/2/elementor/css/post-590ac82.css]
[kits1.themescamp.com/archo/indexa42a.html]
[kits1.themescamp.com/archo/wp-content/uploads/sites/2/elementor/css/post-5454a51.css]
[kits1.themescamp.com/archo/wp-content/uploads/sites/2/elementor/css/post-630a645.css]
[kits1.themescamp.com/archo/indexa1c1.html]
[kits1.themescamp.com/archo/wp-content/uploads/sites/2/elementor/css/post-6283081.css]
[kits1.themescamp.com/archo/wp-content/uploads/sites/2/elementor/css/post-304284a8.css]
[kits1.themescamp.com/archo/indexc94e.html]
[kits1.themescamp.com/archo/wp-content/uploads/sites/2/elementor/css/post-297361dc.css]
[kits1.themescamp.com/archo/indexc0d1.html]
[kits1.themescamp.com/archo/wp-content/uploads/sites/2/elementor/css/post-353ec6c.css]
[kits1.themescamp.com/archo/wp-json/oembed/1.0/embed1db3.json]
[kits1.themescamp.com/archo/wp-json/oembed/1.0/embed9bfc]
[kits1.themescamp.com/archo/wp-content/uploads/sites/2/2024/06/S7-2.jpg]
[kits1.themescamp.com/archo/template-kit/archo-header-block/index.html]
[kits1.themescamp.com/archo/wp-content/uploads/sites/2/elementor/css/post-371fc0e.css]
[kits1.themescamp.com/archo/wp-json/oembed/1.0/embedcb03.json]
[kits1.themescamp.com/archo/template-kit/archo-about-block/index.html]
[kits1.themescamp.com/archo/wp-json/oembed/1.0/embed46ef]
[kits1.themescamp.com/archo/wp-content/uploads/sites/2/elementor/css/post-359d8f3.css]
[kits1.themescamp.com/archo/wp-json/oembed/1.0/embed4b57.json]
[kits1.themescamp.com/archo/template-kit/archo-portfolio-block/index.html]
[kits1.themescamp.com/archo/wp-content/uploads/sites/2/elementor/css/post-62225ad.css]
[kits1.themescamp.com/archo/index7033.html]
[kits1.themescamp.com/archo/wp-json/oembed/1.0/embeda043]
[kits1.themescamp.com/archo/wp-content/uploads/sites/2/elementor/css/post-3626573.css]
[kits1.themescamp.com/archo/wp-json/oembed/1.0/embed091d.json]
[kits1.themescamp.com/archo/template-kit/archo-testimonial-block-1/index.html]
[kits1.themescamp.com/archo/wp-json/oembed/1.0/embed457b]
[kits1.themescamp.com/archo/wp-content/uploads/sites/2/elementor/css/post-368d558.css]
[kits1.themescamp.com/archo/wp-json/oembed/1.0/embed3002.json]
[kits1.themescamp.com/archo/template-kit/archo-testimonial-block/index.html]
[kits1.themescamp.com/archo/wp-json/oembed/1.0/embedfe20]
[kits1.themescamp.com/archo/wp-content/uploads/sites/2/elementor/css/post-625e550.css]
[kits1.themescamp.com/archo/wp-json/oembed/1.0/embed8e4b.json]
[kits1.themescamp.com/archo/template-kit/archo-stats-block/index.html]
[kits1.themescamp.com/archo/wp-json/oembed/1.0/embed53bf]
[kits1.themescamp.com/archo/wp-content/uploads/sites/2/elementor/css/post-609a24d.css]
[kits1.themescamp.com/archo/wp-json/oembed/1.0/embedd241.json]
[kits1.themescamp.com/archo/template-kit/archo-pricing-block/index.html]
[kits1.themescamp.com/archo/wp-json/oembed/1.0/embed0467]
[kits1.themescamp.com/archo/wp-json/oembed/1.0/embed7973.json]
[kits1.themescamp.com/archo/template-kit/archo-footer-block/index.html]
[kits1.themescamp.com/archo/wp-json/oembed/1.0/embed6aac]
[kits1.themescamp.com/archo/wp-content/uploads/sites/2/elementor/css/post-612ddc1.css]
[kits1.themescamp.com/archo/wp-json/oembed/1.0/embed143c.json]
[kits1.themescamp.com/archo/template-kit/archo-contact-block/index.html]
[kits1.themescamp.com/archo/wp-json/oembed/1.0/embed15b6]
[kits1.themescamp.com/archo/wp-content/uploads/sites/2/elementor/css/post-935471a.css]
[kits1.themescamp.com/archo/wp-json/oembed/1.0/embede229.json]
[kits1.themescamp.com/archo/template-kit/archo-blog-list/index.html]
[kits1.themescamp.com/archo/wp-content/uploads/sites/2/elementor/css/post-837eb5d.css]
[kits1.themescamp.com/archo/index0c04.html]
[kits1.themescamp.com/archo/wp-content/uploads/sites/2/elementor/css/post-3468046.css]
[kits1.themescamp.com/archo/index17f1.html]
[kits1.themescamp.com/archo/wp-content/uploads/sites/2/elementor/css/post-3141e4d.css]
[kits1.themescamp.com/archo/xmlrpc.php]
[kits1.themescamp.com/archo/xmlrpc0db0.php]
[kits1.themescamp.com/archo/wp-content/uploads/sites/2/elementor/css/post-1032024.css]
[kits1.themescamp.com/archo/wp-json/oembed/1.0/embed17a2]
[kits1.themescamp.com/archo/wp-content/uploads/sites/2/elementor/css/post-1153a708.css]
[kits1.themescamp.com/archo/2020/06/21/hello-world-2/feed/index.html]
[kits1.themescamp.com/archo/wp-json/wp/v2/posts/1153.json]
[kits1.themescamp.com/archo/wp-json/oembed/1.0/embed4646.json]
[kits1.themescamp.com/archo/2020/06/21/hello-world-2/index.html]
[kits1.themescamp.com/archo/wp-content/uploads/sites/2/elementor/css/post-835c5c8.css]
[kits1.themescamp.com/archo/index7a13.html]
[kits1.themescamp.com/archo/wp-content/uploads/sites/2/elementor/css/post-83317bf.css]
[kits1.themescamp.com/archo/index6fdb.html]
[kits1.themescamp.com/archo/wp-content/uploads/sites/2/elementor/css/post-353ec6c.css]
[kits1.themescamp.com/archo/indexbc6e.html]
[kits1.themescamp.com/archo/wp-content/uploads/sites/2/elementor/css/post-371fc0e.css]
[kits1.themescamp.com/archo/index9f0a.html]
[kits1.themescamp.com/archo/wp-content/uploads/sites/2/elementor/css/post-359d8f3.css]
[kits1.themescamp.com/archo/indexcaf0.html]
[kits1.themescamp.com/archo/wp-content/uploads/sites/2/elementor/css/post-3626573.css]
[kits1.themescamp.com/archo/indexe4db.html]
[kits1.themescamp.com/archo/wp-content/uploads/sites/2/elementor/css/post-368d558.css]
[kits1.themescamp.com/archo/index5ee4.html]
[kits1.themescamp.com/archo/wp-content/uploads/sites/2/elementor/css/post-625e550.css]
[kits1.themescamp.com/archo/index8962.html]
[kits1.themescamp.com/archo/wp-content/uploads/sites/2/elementor/css/post-609a24d.css]
[kits1.themescamp.com/archo/index93f8.html]
[kits1.themescamp.com/archo/index4580.html]
[kits1.themescamp.com/archo/wp-content/uploads/sites/2/elementor/css/post-612ddc1.css]
[kits1.themescamp.com/archo/index4494.html]
[kits1.themescamp.com/archo/wp-content/uploads/sites/2/elementor/css/post-935471a.css]
[kits1.themescamp.com/archo/index3ba5.html]
[kits1.themescamp.com/archo/wp-content/plugins/better-elementor-addons/assets/images/close.html]
[kits1.themescamp.com/archo/wp-content/uploads/sites/2/elementor/css/post-1153a708.css]
[kits1.themescamp.com/archo/index3f85.html]
[kits1.themescamp.com/archo/wp-json/oembed/1.0/embed3d53]
